[shubhamgupta100.github.io/shubham_portfolio/index.html]
[shubhamgupta100.github.io/shubham_portfolio/images/shubh/about.jpg]
[backblue.gif]
[fade.gif]
[index.html]
[shubhamgupta100.github.io/shubham_portfolio/css/style.css]
[shubhamgupta100.github.io/shubham_portfolio/css/skins/blue.css]
[shubhamgupta100.github.io/shubham_portfolio/css/styleSwitcher.css]
[shubhamgupta100.github.io/shubham_portfolio/resume/ShubhamCV.pdf]
[shubhamgupta100.github.io/shubham_portfolio/certificate/Python.png]
[shubhamgupta100.github.io/shubham_portfolio/certificate/udemy.jpg]
[shubhamgupta100.github.io/shubham_portfolio/certificate/TopPerformer.png]
[shubhamgupta100.github.io/shubham_portfolio/certificate/TopPerformerBackend.png]
[shubhamgupta100.github.io/shubham_portfolio/js/script.js]
[shubhamgupta100.github.io/shubham_portfolio/js/styleSwitcher.js]
[shubhamgupta100.github.io/shubham_portfolio/index.html]
[stackpath.bootstrapcdn.com/font-awesome/4.7.0/css/font-awesome.min.css]
[shubhamgupta100.github.io/shubham_portfolio/css/style.css]
[shubhamgupta100.github.io/shubham_portfolio/images/shubh/c.jpg]
[shubhamgupta100.github.io/shubham_portfolio/css/skins/blue.css]
[shubhamgupta100.github.io/shubham_portfolio/css/styleSwitcher.css]
[stackpath.bootstrapcdn.com/font-awesome/4.7.0/css/font-awesome.min.css]
